2026-10-05 21:14:13.530958: I tensorflow/core/util/port.cc:113] oneDNN custom operations are on. You may see slightly different numerical results due to floating-point round-off errors from different computation orders. To turn them off, set the environment variable `TF_ENABLE_ONEDNN_OPTS=0`.

2026-10-05 21:14:16,246 - WARNING - From C:\Users\DELL\.cellpainting-pkgs\keras\src\losses.py:2976: The name tf.losses.sparse_softmax_cross_entropy is deprecated. Please use tf.compat.v1.losses.sparse_softmax_cross_entropy instead.



2026-10-05 21:14:16,529 - WARNING - From D:\项目\CellPainting-Claw\.venv\Lib\site-packages\deepprofiler\imaging\cropping.py:20: The name tf.disable_v2_behavior is deprecated. Please use tf.compat.v1.disable_v2_behavior instead.



2026-10-05 21:14:16,529 - WARNING - From C:\Users\DELL\.cellpainting-pkgs\tensorflow\python\compat\v2_compat.py:108: disable_resource_variables (from tensorflow.python.ops.variable_scope) is deprecated and will be removed in a future version.

Instructions for updating:

non-resource variables are not supported in the long term

Reading metadata form D:\项目\cpc github v1 demo\demo\workspace\outputs\chain\dp_project/inputs/metadata/index.csv

<class 'pandas.core.frame.DataFrame'>

RangeIndex: 2 entries, 0 to 1

Data columns (total 40 columns):

 #   Column                     Non-Null Count  Dtype 

---  ------                     --------------  ----- 

 0   Metadata_Plate             2 non-null      object

 1   Metadata_Well              2 non-null      object

 2   Metadata_Site              2 non-null      int64 

 3   DNA                        2 non-null      object

 4   RNA                        2 non-null      object

 5   ER                         2 non-null      object

 6   AGP                        2 non-null      object

 7   Mito                       2 non-null      object

 8   FileName_IllumAGP          2 non-null      object

 9   FileName_IllumBrightfield  2 non-null      object

 10  FileName_IllumDNA          2 non-null      object

 11  FileName_IllumER           2 non-null      object

 12  FileName_IllumHighZBF      2 non-null      object

 13  FileName_IllumLowZBF       2 non-null      object

 14  FileName_IllumMito         2 non-null      object

 15  FileName_IllumRNA          2 non-null      object

 16  FileName_OrigAGP           2 non-null      object

 17  FileName_OrigBrightfield   2 non-null      object

 18  FileName_OrigDNA           2 non-null      object

 19  FileName_OrigER            2 non-null      object

 20  FileName_OrigHighZBF       2 non-null      object

 21  FileName_OrigLowZBF        2 non-null      object

 22  FileName_OrigMito          2 non-null      object

 23  FileName_OrigRNA           2 non-null      object

 24  PathName_IllumAGP          2 non-null      object

 25  PathName_IllumBrightfield  2 non-null      object

 26  PathName_IllumDNA          2 non-null      object

 27  PathName_IllumER           2 non-null      object

 28  PathName_IllumHighZBF      2 non-null      object

 29  PathName_IllumLowZBF       2 non-null      object

 30  PathName_IllumMito         2 non-null      object

 31  PathName_IllumRNA          2 non-null      object

 32  PathName_OrigAGP           2 non-null      object

 33  PathName_OrigBrightfield   2 non-null      object

 34  PathName_OrigDNA           2 non-null      object

 35  PathName_OrigER            2 non-null      object

 36  PathName_OrigHighZBF       2 non-null      object

 37  PathName_OrigLowZBF        2 non-null      object

 38  PathName_OrigMito          2 non-null      object

 39  PathName_OrigRNA           2 non-null      object

dtypes: int64(1), object(39)

memory usage: 772.0+ bytes

None

{'A01': 0, 'A02': 1}

2026-10-05 21:14:16,623 - WARNING - From C:\Users\DELL\.cellpainting-pkgs\keras\src\utils\version_utils.py:76: The name tf.executing_eagerly_outside_functions is deprecated. Please use tf.compat.v1.executing_eagerly_outside_functions instead.



2026-10-05 21:14:16,628 - WARNING - From C:\Users\DELL\.cellpainting-pkgs\tensorflow\python\util\deprecation.py:588: calling VarianceScaling.__init__ (from tensorflow.python.ops.init_ops) with distribution=normal is deprecated and will be removed in a future version.

Instructions for updating:

`normal` is a deprecated alias for `truncated_normal`

2026-10-05 21:14:16,667 - WARNING - From C:\Users\DELL\.cellpainting-pkgs\keras\src\layers\normalization\batch_normalization.py:964: The name tf.nn.fused_batch_norm is deprecated. Please use tf.compat.v1.nn.fused_batch_norm instead.



2026-10-05 21:14:16,675 - WARNING - From C:\Users\DELL\.cellpainting-pkgs\keras\src\layers\normalization\batch_normalization.py:883: _colocate_with (from tensorflow.python.framework.ops) is deprecated and will be removed in a future version.

Instructions for updating:

Colocations handled automatically by placer.

2026-10-05 21:14:17.993604: I tensorflow/core/platform/cpu_feature_guard.cc:182] This TensorFlow binary is optimized to use available CPU instructions in performance-critical operations.

To enable the following instructions: SSE SSE2 SSE3 SSE4.1 SSE4.2 AVX2 AVX_VNNI FMA, in other operations, rebuild TensorFlow with the appropriate compiler flags.

2026-10-05 21:14:18.056385: I tensorflow/compiler/mlir/mlir_graph_optimization_pass.cc:388] MLIR V1 optimization pass is not enabled

2026-10-05 21:14:18.201556: W tensorflow/c/c_api.cc:305] Operation '{name:'block7a_project_bn/moving_variance/Assign' id:5052 op device:{requested: '', assigned: ''} def:{{{node block7a_project_bn/moving_variance/Assign}} = AssignVariableOp[_has_manual_control_dependencies=true, dtype=DT_FLOAT, validate_shape=false](block7a_project_bn/moving_variance, block7a_project_bn/moving_variance/Initializer/ones)}}' was changed by setting attribute after it was run by a session. This mutation will have no effect, and will trigger an error in the future. Either don't modify nodes after running them or create a new session.

Model: "model"

__________________________________________________________________________________________________

 Layer (type)                Output Shape                 Param #   Connected to                  

==================================================================================================

 input_1 (InputLayer)        [(None, 32, 32, 5)]          0         []                            

                                                                                                  

 stem_conv (Conv2D)          (None, 16, 16, 32)           1440      ['input_1[0][0]']             

                                                                                                  

 stem_bn (BatchNormalizatio  (None, 16, 16, 32)           128       ['stem_conv[0][0]']           

 n)                                                                                               

                                                                                                  

 stem_activation (Activatio  (None, 16, 16, 32)           0         ['stem_bn[0][0]']             

 n)                                                                                               

                                                                                                  

 block1a_dwconv (DepthwiseC  (None, 16, 16, 32)           288       ['stem_activation[0][0]']     

 onv2D)                                                                                           

                                                                                                  

 block1a_bn (BatchNormaliza  (None, 16, 16, 32)           128       ['block1a_dwconv[0][0]']      

 tion)                                                                                            

                                                                                                  

 block1a_activation (Activa  (None, 16, 16, 32)           0         ['block1a_bn[0][0]']          

 tion)                                                                                            

                                                                                                  

 block1a_se_squeeze (Global  (None, 32)                   0         ['block1a_activation[0][0]']  

 AveragePooling2D)                                                                                

                                                                                                  

 block1a_se_reshape (Reshap  (None, 1, 1, 32)             0         ['block1a_se_squeeze[0][0]']  

 e)                                                                                               

                                                                                                  

 block1a_se_reduce (Conv2D)  (None, 1, 1, 8)              264       ['block1a_se_reshape[0][0]']  

                                                                                                  

 block1a_se_expand (Conv2D)  (None, 1, 1, 32)             288       ['block1a_se_reduce[0][0]']   

                                                                                                  

 block1a_se_excite (Multipl  (None, 16, 16, 32)           0         ['block1a_activation[0][0]',  

 y)                                                                  'block1a_se_expand[0][0]']   

                                                                                                  

 block1a_project_conv (Conv  (None, 16, 16, 16)           512       ['block1a_se_excite[0][0]']   

 2D)                                                                                              

                                                                                                  

 block1a_project_bn (BatchN  (None, 16, 16, 16)           64        ['block1a_project_conv[0][0]']

 ormalization)                                                                                    

                                                                                                  

 block2a_expand_conv (Conv2  (None, 16, 16, 96)           1536      ['block1a_project_bn[0][0]']  

 D)                                                                                               

                                                                                                  

 block2a_expand_bn (BatchNo  (None, 16, 16, 96)           384       ['block2a_expand_conv[0][0]'] 

 rmalization)                                                                                     

                                                                                                  

 block2a_expand_activation   (None, 16, 16, 96)           0         ['block2a_expand_bn[0][0]']   

 (Activation)                                                                                     

                                                                                                  

 block2a_dwconv (DepthwiseC  (None, 8, 8, 96)             864       ['block2a_expand_activation[0]

 onv2D)                                                             [0]']                         

                                                                                                  

 block2a_bn (BatchNormaliza  (None, 8, 8, 96)             384       ['block2a_dwconv[0][0]']      

 tion)                                                                                            

                                                                                                  

 block2a_activation (Activa  (None, 8, 8, 96)             0         ['block2a_bn[0][0]']          

 tion)                                                                                            

                                                                                                  

 block2a_se_squeeze (Global  (None, 96)                   0         ['block2a_activation[0][0]']  

 AveragePooling2D)                                                                                

                                                                                                  

 block2a_se_reshape (Reshap  (None, 1, 1, 96)             0         ['block2a_se_squeeze[0][0]']  

 e)                                                                                               

                                                                                                  

 block2a_se_reduce (Conv2D)  (None, 1, 1, 4)              388       ['block2a_se_reshape[0][0]']  

                                                                                                  

 block2a_se_expand (Conv2D)  (None, 1, 1, 96)             480       ['block2a_se_reduce[0][0]']   

                                                                                                  

 block2a_se_excite (Multipl  (None, 8, 8, 96)             0         ['block2a_activation[0][0]',  

 y)                                                                  'block2a_se_expand[0][0]']   

                                                                                                  

 block2a_project_conv (Conv  (None, 8, 8, 24)             2304      ['block2a_se_excite[0][0]']   

 2D)                                                                                              

                                                                                                  

 block2a_project_bn (BatchN  (None, 8, 8, 24)             96        ['block2a_project_conv[0][0]']

 ormalization)                                                                                    

                                                                                                  

 block2b_expand_conv (Conv2  (None, 8, 8, 144)            3456      ['block2a_project_bn[0][0]']  

 D)                                                                                               

                                                                                                  

 block2b_expand_bn (BatchNo  (None, 8, 8, 144)            576       ['block2b_expand_conv[0][0]'] 

 rmalization)                                                                                     

                                                                                                  

 block2b_expand_activation   (None, 8, 8, 144)            0         ['block2b_expand_bn[0][0]']   

 (Activation)                                                                                     

                                                                                                  

 block2b_dwconv (DepthwiseC  (None, 8, 8, 144)            1296      ['block2b_expand_activation[0]

 onv2D)                                                             [0]']                         

                                                                                                  

 block2b_bn (BatchNormaliza  (None, 8, 8, 144)            576       ['block2b_dwconv[0][0]']      

 tion)                                                                                            

                                                                                                  

 block2b_activation (Activa  (None, 8, 8, 144)            0         ['block2b_bn[0][0]']          

 tion)                                                                                            

                                                                                                  

 block2b_se_squeeze (Global  (None, 144)                  0         ['block2b_activation[0][0]']  

 AveragePooling2D)                                                                                

                                                                                                  

 block2b_se_reshape (Reshap  (None, 1, 1, 144)            0         ['block2b_se_squeeze[0][0]']  

 e)                                                                                               

                                                                                                  

 block2b_se_reduce (Conv2D)  (None, 1, 1, 6)              870       ['block2b_se_reshape[0][0]']  

                                                                                                  

 block2b_se_expand (Conv2D)  (None, 1, 1, 144)            1008      ['block2b_se_reduce[0][0]']   

                                                                                                  

 block2b_se_excite (Multipl  (None, 8, 8, 144)            0         ['block2b_activation[0][0]',  

 y)                                                                  'block2b_se_expand[0][0]']   

                                                                                                  

 block2b_project_conv (Conv  (None, 8, 8, 24)             3456      ['block2b_se_excite[0][0]']   

 2D)                                                                                              

                                                                                                  

 block2b_project_bn (BatchN  (None, 8, 8, 24)             96        ['block2b_project_conv[0][0]']

 ormalization)                                                                                    

                                                                                                  

 block2b_drop (FixedDropout  (None, 8, 8, 24)             0         ['block2b_project_bn[0][0]']  

 )                                                                                                

                                                                                                  

 block2b_add (Add)           (None, 8, 8, 24)             0         ['block2b_drop[0][0]',        

                                                                     'block2a_project_bn[0][0]']  

                                                                                                  

 block3a_expand_conv (Conv2  (None, 8, 8, 144)            3456      ['block2b_add[0][0]']         

 D)                                                                                               

                                                                                                  

 block3a_expand_bn (BatchNo  (None, 8, 8, 144)            576       ['block3a_expand_conv[0][0]'] 

 rmalization)                                                                                     

                                                                                                  

 block3a_expand_activation   (None, 8, 8, 144)            0         ['block3a_expand_bn[0][0]']   

 (Activation)                                                                                     

                                                                                                  

 block3a_dwconv (DepthwiseC  (None, 4, 4, 144)            3600      ['block3a_expand_activation[0]

 onv2D)                                                             [0]']                         

                                                                                                  

 block3a_bn (BatchNormaliza  (None, 4, 4, 144)            576       ['block3a_dwconv[0][0]']      

 tion)                                                                                            

                                                                                                  

 block3a_activation (Activa  (None, 4, 4, 144)            0         ['block3a_bn[0][0]']          

 tion)                                                                                            

                                                                                                  

 block3a_se_squeeze (Global  (None, 144)                  0         ['block3a_activation[0][0]']  

 AveragePooling2D)                                                                                

                                                                                                  

 block3a_se_reshape (Reshap  (None, 1, 1, 144)            0         ['block3a_se_squeeze[0][0]']  

 e)                                                                                               

                                                                                                  

 block3a_se_reduce (Conv2D)  (None, 1, 1, 6)              870       ['block3a_se_reshape[0][0]']  

                                                                                                  

 block3a_se_expand (Conv2D)  (None, 1, 1, 144)            1008      ['block3a_se_reduce[0][0]']   

                                                                                                  

 block3a_se_excite (Multipl  (None, 4, 4, 144)            0         ['block3a_activation[0][0]',  

 y)                                                                  'block3a_se_expand[0][0]']   

                                                                                                  

 block3a_project_conv (Conv  (None, 4, 4, 40)             5760      ['block3a_se_excite[0][0]']   

 2D)                                                                                              

                                                                                                  

 block3a_project_bn (BatchN  (None, 4, 4, 40)             160       ['block3a_project_conv[0][0]']

 ormalization)                                                                                    

                                                                                                  

 block3b_expand_conv (Conv2  (None, 4, 4, 240)            9600      ['block3a_project_bn[0][0]']  

 D)                                                                                               

                                                                                                  

 block3b_expand_bn (BatchNo  (None, 4, 4, 240)            960       ['block3b_expand_conv[0][0]'] 

 rmalization)                                                                                     

                                                                                                  

 block3b_expand_activation   (None, 4, 4, 240)            0         ['block3b_expand_bn[0][0]']   

 (Activation)                                                                                     

                                                                                                  

 block3b_dwconv (DepthwiseC  (None, 4, 4, 240)            6000      ['block3b_expand_activation[0]

 onv2D)                                                             [0]']                         

                                                                                                  

 block3b_bn (BatchNormaliza  (None, 4, 4, 240)            960       ['block3b_dwconv[0][0]']      

 tion)                                                                                            

                                                                                                  

 block3b_activation (Activa  (None, 4, 4, 240)            0         ['block3b_bn[0][0]']          

 tion)                                                                                            

                                                                                                  

 block3b_se_squeeze (Global  (None, 240)                  0         ['block3b_activation[0][0]']  

 AveragePooling2D)                                                                                

                                                                                                  

 block3b_se_reshape (Reshap  (None, 1, 1, 240)            0         ['block3b_se_squeeze[0][0]']  

 e)                                                                                               

                                                                                                  

 block3b_se_reduce (Conv2D)  (None, 1, 1, 10)             2410      ['block3b_se_reshape[0][0]']  

                                                                                                  

 block3b_se_expand (Conv2D)  (None, 1, 1, 240)            2640      ['block3b_se_reduce[0][0]']   

                                                                                                  

 block3b_se_excite (Multipl  (None, 4, 4, 240)            0         ['block3b_activation[0][0]',  

 y)                                                                  'block3b_se_expand[0][0]']   

                                                                                                  

 block3b_project_conv (Conv  (None, 4, 4, 40)             9600      ['block3b_se_excite[0][0]']   

 2D)                                                                                              

                                                                                                  

 block3b_project_bn (BatchN  (None, 4, 4, 40)             160       ['block3b_project_conv[0][0]']

 ormalization)                                                                                    

                                                                                                  

 block3b_drop (FixedDropout  (None, 4, 4, 40)             0         ['block3b_project_bn[0][0]']  

 )                                                                                                

                                                                                                  

 block3b_add (Add)           (None, 4, 4, 40)             0         ['block3b_drop[0][0]',        

                                                                     'block3a_project_bn[0][0]']  

                                                                                                  

 block4a_expand_conv (Conv2  (None, 4, 4, 240)            9600      ['block3b_add[0][0]']         

 D)                                                                                               

                                                                                                  

 block4a_expand_bn (BatchNo  (None, 4, 4, 240)            960       ['block4a_expand_conv[0][0]'] 

 rmalization)                                                                                     

                                                                                                  

 block4a_expand_activation   (None, 4, 4, 240)            0         ['block4a_expand_bn[0][0]']   

 (Activation)                                                                                     

                                                                                                  

 block4a_dwconv (DepthwiseC  (None, 2, 2, 240)            2160      ['block4a_expand_activation[0]

 onv2D)                                                             [0]']                         

                                                                                                  

 block4a_bn (BatchNormaliza  (None, 2, 2, 240)            960       ['block4a_dwconv[0][0]']      

 tion)                                                                                            

                                                                                                  

 block4a_activation (Activa  (None, 2, 2, 240)            0         ['block4a_bn[0][0]']          

 tion)                                                                                            

                                                                                                  

 block4a_se_squeeze (Global  (None, 240)                  0         ['block4a_activation[0][0]']  

 AveragePooling2D)                                                                                

                                                                                                  

 block4a_se_reshape (Reshap  (None, 1, 1, 240)            0         ['block4a_se_squeeze[0][0]']  

 e)                                                                                               

                                                                                                  

 block4a_se_reduce (Conv2D)  (None, 1, 1, 10)             2410      ['block4a_se_reshape[0][0]']  

                                                                                                  

 block4a_se_expand (Conv2D)  (None, 1, 1, 240)            2640      ['block4a_se_reduce[0][0]']   

                                                                                                  

 block4a_se_excite (Multipl  (None, 2, 2, 240)            0         ['block4a_activation[0][0]',  

 y)                                                                  'block4a_se_expand[0][0]']   

                                                                                                  

 block4a_project_conv (Conv  (None, 2, 2, 80)             19200     ['block4a_se_excite[0][0]']   

 2D)                                                                                              

                                                                                                  

 block4a_project_bn (BatchN  (None, 2, 2, 80)             320       ['block4a_project_conv[0][0]']

 ormalization)                                                                                    

                                                                                                  

 block4b_expand_conv (Conv2  (None, 2, 2, 480)            38400     ['block4a_project_bn[0][0]']  

 D)                                                                                               

                                                                                                  

 block4b_expand_bn (BatchNo  (None, 2, 2, 480)            1920      ['block4b_expand_conv[0][0]'] 

 rmalization)                                                                                     

                                                                                                  

 block4b_expand_activation   (None, 2, 2, 480)            0         ['block4b_expand_bn[0][0]']   

 (Activation)                                                                                     

                                                                                                  

 block4b_dwconv (DepthwiseC  (None, 2, 2, 480)            4320      ['block4b_expand_activation[0]

 onv2D)                                                             [0]']                         

                                                                                                  

 block4b_bn (BatchNormaliza  (None, 2, 2, 480)            1920      ['block4b_dwconv[0][0]']      

 tion)                                                                                            

                                                                                                  

 block4b_activation (Activa  (None, 2, 2, 480)            0         ['block4b_bn[0][0]']          

 tion)                                                                                            

                                                                                                  

 block4b_se_squeeze (Global  (None, 480)                  0         ['block4b_activation[0][0]']  

 AveragePooling2D)                                                                                

                                                                                                  

 block4b_se_reshape (Reshap  (None, 1, 1, 480)            0         ['block4b_se_squeeze[0][0]']  

 e)                                                                                               

                                                                                                  

 block4b_se_reduce (Conv2D)  (None, 1, 1, 20)             9620      ['block4b_se_reshape[0][0]']  

                                                                                                  

 block4b_se_expand (Conv2D)  (None, 1, 1, 480)            10080     ['block4b_se_reduce[0][0]']   

                                                                                                  

 block4b_se_excite (Multipl  (None, 2, 2, 480)            0         ['block4b_activation[0][0]',  

 y)                                                                  'block4b_se_expand[0][0]']   

                                                                                                  

 block4b_project_conv (Conv  (None, 2, 2, 80)             38400     ['block4b_se_excite[0][0]']   

 2D)                                                                                              

                                                                                                  

 block4b_project_bn (BatchN  (None, 2, 2, 80)             320       ['block4b_project_conv[0][0]']

 ormalization)                                                                                    

                                                                                                  

 block4b_drop (FixedDropout  (None, 2, 2, 80)             0         ['block4b_project_bn[0][0]']  

 )                                                                                                

                                                                                                  

 block4b_add (Add)           (None, 2, 2, 80)             0         ['block4b_drop[0][0]',        

                                                                     'block4a_project_bn[0][0]']  

                                                                                                  

 block4c_expand_conv (Conv2  (None, 2, 2, 480)            38400     ['block4b_add[0][0]']         

 D)                                                                                               

                                                                                                  

 block4c_expand_bn (BatchNo  (None, 2, 2, 480)            1920      ['block4c_expand_conv[0][0]'] 

 rmalization)                                                                                     

                                                                                                  

 block4c_expand_activation   (None, 2, 2, 480)            0         ['block4c_expand_bn[0][0]']   

 (Activation)                                                                                     

                                                                                                  

 block4c_dwconv (DepthwiseC  (None, 2, 2, 480)            4320      ['block4c_expand_activation[0]

 onv2D)                                                             [0]']                         

                                                                                                  

 block4c_bn (BatchNormaliza  (None, 2, 2, 480)            1920      ['block4c_dwconv[0][0]']      

 tion)                                                                                            

                                                                                                  

 block4c_activation (Activa  (None, 2, 2, 480)            0         ['block4c_bn[0][0]']          

 tion)                                                                                            

                                                                                                  

 block4c_se_squeeze (Global  (None, 480)                  0         ['block4c_activation[0][0]']  

 AveragePooling2D)                                                                                

                                                                                                  

 block4c_se_reshape (Reshap  (None, 1, 1, 480)            0         ['block4c_se_squeeze[0][0]']  

 e)                                                                                               

                                                                                                  

 block4c_se_reduce (Conv2D)  (None, 1, 1, 20)             9620      ['block4c_se_reshape[0][0]']  

                                                                                                  

 block4c_se_expand (Conv2D)  (None, 1, 1, 480)            10080     ['block4c_se_reduce[0][0]']   

                                                                                                  

 block4c_se_excite (Multipl  (None, 2, 2, 480)            0         ['block4c_activation[0][0]',  

 y)                                                                  'block4c_se_expand[0][0]']   

                                                                                                  

 block4c_project_conv (Conv  (None, 2, 2, 80)             38400     ['block4c_se_excite[0][0]']   

 2D)                                                                                              

                                                                                                  

 block4c_project_bn (BatchN  (None, 2, 2, 80)             320       ['block4c_project_conv[0][0]']

 ormalization)                                                                                    

                                                                                                  

 block4c_drop (FixedDropout  (None, 2, 2, 80)             0         ['block4c_project_bn[0][0]']  

 )                                                                                                

                                                                                                  

 block4c_add (Add)           (None, 2, 2, 80)             0         ['block4c_drop[0][0]',        

                                                                     'block4b_add[0][0]']         

                                                                                                  

 block5a_expand_conv (Conv2  (None, 2, 2, 480)            38400     ['block4c_add[0][0]']         

 D)                                                                                               

                                                                                                  

 block5a_expand_bn (BatchNo  (None, 2, 2, 480)            1920      ['block5a_expand_conv[0][0]'] 

 rmalization)                                                                                     

                                                                                                  

 block5a_expand_activation   (None, 2, 2, 480)            0         ['block5a_expand_bn[0][0]']   

 (Activation)                                                                                     

                                                                                                  

 block5a_dwconv (DepthwiseC  (None, 2, 2, 480)            12000     ['block5a_expand_activation[0]

 onv2D)                                                             [0]']                         

                                                                                                  

 block5a_bn (BatchNormaliza  (None, 2, 2, 480)            1920      ['block5a_dwconv[0][0]']      

 tion)                                                                                            

                                                                                                  

 block5a_activation (Activa  (None, 2, 2, 480)            0         ['block5a_bn[0][0]']          

 tion)                                                                                            

                                                                                                  

 block5a_se_squeeze (Global  (None, 480)                  0         ['block5a_activation[0][0]']  

 AveragePooling2D)                                                                                

                                                                                                  

 block5a_se_reshape (Reshap  (None, 1, 1, 480)            0         ['block5a_se_squeeze[0][0]']  

 e)                                                                                               

                                                                                                  

 block5a_se_reduce (Conv2D)  (None, 1, 1, 20)             9620      ['block5a_se_reshape[0][0]']  

                                                                                                  

 block5a_se_expand (Conv2D)  (None, 1, 1, 480)            10080     ['block5a_se_reduce[0][0]']   

                                                                                                  

 block5a_se_excite (Multipl  (None, 2, 2, 480)            0         ['block5a_activation[0][0]',  

 y)                                                                  'block5a_se_expand[0][0]']   

                                                                                                  

 block5a_project_conv (Conv  (None, 2, 2, 112)            53760     ['block5a_se_excite[0][0]']   

 2D)                                                                                              

                                                                                                  

 block5a_project_bn (BatchN  (None, 2, 2, 112)            448       ['block5a_project_conv[0][0]']

 ormalization)                                                                                    

                                                                                                  

 block5b_expand_conv (Conv2  (None, 2, 2, 672)            75264     ['block5a_project_bn[0][0]']  

 D)                                                                                               

                                                                                                  

 block5b_expand_bn (BatchNo  (None, 2, 2, 672)            2688      ['block5b_expand_conv[0][0]'] 

 rmalization)                                                                                     

                                                                                                  

 block5b_expand_activation   (None, 2, 2, 672)            0         ['block5b_expand_bn[0][0]']   

 (Activation)                                                                                     

                                                                                                  

 block5b_dwconv (DepthwiseC  (None, 2, 2, 672)            16800     ['block5b_expand_activation[0]

 onv2D)                                                             [0]']                         

                                                                                                  

 block5b_bn (BatchNormaliza  (None, 2, 2, 672)            2688      ['block5b_dwconv[0][0]']      

 tion)                                                                                            

                                                                                                  

 block5b_activation (Activa  (None, 2, 2, 672)            0         ['block5b_bn[0][0]']          

 tion)                                                                                            

                                                                                                  

 block5b_se_squeeze (Global  (None, 672)                  0         ['block5b_activation[0][0]']  

 AveragePooling2D)                                                                                

                                                                                                  

 block5b_se_reshape (Reshap  (None, 1, 1, 672)            0         ['block5b_se_squeeze[0][0]']  

 e)                                                                                               

                                                                                                  

 block5b_se_reduce (Conv2D)  (None, 1, 1, 28)             18844     ['block5b_se_reshape[0][0]']  

                                                                                                  

 block5b_se_expand (Conv2D)  (None, 1, 1, 672)            19488     ['block5b_se_reduce[0][0]']   

                                                                                                  

 block5b_se_excite (Multipl  (None, 2, 2, 672)            0         ['block5b_activation[0][0]',  

 y)                                                                  'block5b_se_expand[0][0]']   

                                                                                                  

 block5b_project_conv (Conv  (None, 2, 2, 112)            75264     ['block5b_se_excite[0][0]']   

 2D)                                                                                              

                                                                                                  

 block5b_project_bn (BatchN  (None, 2, 2, 112)            448       ['block5b_project_conv[0][0]']

 ormalization)                                                                                    

                                                                                                  

 block5b_drop (FixedDropout  (None, 2, 2, 112)            0         ['block5b_project_bn[0][0]']  

 )                                                                                                

                                                                                                  

 block5b_add (Add)           (None, 2, 2, 112)            0         ['block5b_drop[0][0]',        

                                                                     'block5a_project_bn[0][0]']  

                                                                                                  

 block5c_expand_conv (Conv2  (None, 2, 2, 672)            75264     ['block5b_add[0][0]']         

 D)                                                                                               

                                                                                                  

 block5c_expand_bn (BatchNo  (None, 2, 2, 672)            2688      ['block5c_expand_conv[0][0]'] 

 rmalization)                                                                                     

                                                                                                  

 block5c_expand_activation   (None, 2, 2, 672)            0         ['block5c_expand_bn[0][0]']   

 (Activation)                                                                                     

                                                                                                  

 block5c_dwconv (DepthwiseC  (None, 2, 2, 672)            16800     ['block5c_expand_activation[0]

 onv2D)                                                             [0]']                         

                                                                                                  

 block5c_bn (BatchNormaliza  (None, 2, 2, 672)            2688      ['block5c_dwconv[0][0]']      

 tion)                                                                                            

                                                                                                  

 block5c_activation (Activa  (None, 2, 2, 672)            0         ['block5c_bn[0][0]']          

 tion)                                                                                            

                                                                                                  

 block5c_se_squeeze (Global  (None, 672)                  0         ['block5c_activation[0][0]']  

 AveragePooling2D)                                                                                

                                                                                                  

 block5c_se_reshape (Reshap  (None, 1, 1, 672)            0         ['block5c_se_squeeze[0][0]']  

 e)                                                                                               

                                                                                                  

 block5c_se_reduce (Conv2D)  (None, 1, 1, 28)             18844     ['block5c_se_reshape[0][0]']  

                                                                                                  

 block5c_se_expand (Conv2D)  (None, 1, 1, 672)            19488     ['block5c_se_reduce[0][0]']   

                                                                                                  

 block5c_se_excite (Multipl  (None, 2, 2, 672)            0         ['block5c_activation[0][0]',  

 y)                                                                  'block5c_se_expand[0][0]']   

                                                                                                  

 block5c_project_conv (Conv  (None, 2, 2, 112)            75264     ['block5c_se_excite[0][0]']   

 2D)                                                                                              

                                                                                                  

 block5c_project_bn (BatchN  (None, 2, 2, 112)            448       ['block5c_project_conv[0][0]']

 ormalization)                                                                                    

                                                                                                  

 block5c_drop (FixedDropout  (None, 2, 2, 112)            0         ['block5c_project_bn[0][0]']  

 )                                                                                                

                                                                                                  

 block5c_add (Add)           (None, 2, 2, 112)            0         ['block5c_drop[0][0]',        

                                                                     'block5b_add[0][0]']         

                                                                                                  

 block6a_expand_conv (Conv2  (None, 2, 2, 672)            75264     ['block5c_add[0][0]']         

 D)                                                                                               

                                                                                                  

 block6a_expand_bn (BatchNo  (None, 2, 2, 672)            2688      ['block6a_expand_conv[0][0]'] 

 rmalization)                                                                                     

                                                                                                  

 block6a_expand_activation   (None, 2, 2, 672)            0         ['block6a_expand_bn[0][0]']   

 (Activation)                                                                                     

                                                                                                  

 block6a_dwconv (DepthwiseC  (None, 1, 1, 672)            16800     ['block6a_expand_activation[0]

 onv2D)                                                             [0]']                         

                                                                                                  

 block6a_bn (BatchNormaliza  (None, 1, 1, 672)            2688      ['block6a_dwconv[0][0]']      

 tion)                                                                                            

                                                                                                  

 block6a_activation (Activa  (None, 1, 1, 672)            0         ['block6a_bn[0][0]']          

 tion)                                                                                            

                                                                                                  

 block6a_se_squeeze (Global  (None, 672)                  0         ['block6a_activation[0][0]']  

 AveragePooling2D)                                                                                

                                                                                                  

 block6a_se_reshape (Reshap  (None, 1, 1, 672)            0         ['block6a_se_squeeze[0][0]']  

 e)                                                                                               

                                                                                                  

 block6a_se_reduce (Conv2D)  (None, 1, 1, 28)             18844     ['block6a_se_reshape[0][0]']  

                                                                                                  

 block6a_se_expand (Conv2D)  (None, 1, 1, 672)            19488     ['block6a_se_reduce[0][0]']   

                                                                                                  

 block6a_se_excite (Multipl  (None, 1, 1, 672)            0         ['block6a_activation[0][0]',  

 y)                                                                  'block6a_se_expand[0][0]']   

                                                                                                  

 block6a_project_conv (Conv  (None, 1, 1, 192)            129024    ['block6a_se_excite[0][0]']   

 2D)                                                                                              

                                                                                                  

 block6a_project_bn (BatchN  (None, 1, 1, 192)            768       ['block6a_project_conv[0][0]']

 ormalization)                                                                                    

                                                                                                  

 block6b_expand_conv (Conv2  (None, 1, 1, 1152)           221184    ['block6a_project_bn[0][0]']  

 D)                                                                                               

                                                                                                  

 block6b_expand_bn (BatchNo  (None, 1, 1, 1152)           4608      ['block6b_expand_conv[0][0]'] 

 rmalization)                                                                                     

                                                                                                  

 block6b_expand_activation   (None, 1, 1, 1152)           0         ['block6b_expand_bn[0][0]']   

 (Activation)                                                                                     

                                                                                                  

 block6b_dwconv (DepthwiseC  (None, 1, 1, 1152)           28800     ['block6b_expand_activation[0]

 onv2D)                                                             [0]']                         

                                                                                                  

 block6b_bn (BatchNormaliza  (None, 1, 1, 1152)           4608      ['block6b_dwconv[0][0]']      

 tion)                                                                                            

                                                                                                  

 block6b_activation (Activa  (None, 1, 1, 1152)           0         ['block6b_bn[0][0]']          

 tion)                                                                                            

                                                                                                  

 block6b_se_squeeze (Global  (None, 1152)                 0         ['block6b_activation[0][0]']  

 AveragePooling2D)                                                                                

                                                                                                  

 block6b_se_reshape (Reshap  (None, 1, 1, 1152)           0         ['block6b_se_squeeze[0][0]']  

 e)                                                                                               

                                                                                                  

 block6b_se_reduce (Conv2D)  (None, 1, 1, 48)             55344     ['block6b_se_reshape[0][0]']  

                                                                                                  

 block6b_se_expand (Conv2D)  (None, 1, 1, 1152)           56448     ['block6b_se_reduce[0][0]']   

                                                                                                  

 block6b_se_excite (Multipl  (None, 1, 1, 1152)           0         ['block6b_activation[0][0]',  

 y)                                                                  'block6b_se_expand[0][0]']   

                                                                                                  

 block6b_project_conv (Conv  (None, 1, 1, 192)            221184    ['block6b_se_excite[0][0]']   

 2D)                                                                                              

                                                                                                  

 block6b_project_bn (BatchN  (None, 1, 1, 192)            768       ['block6b_project_conv[0][0]']

 ormalization)                                                                                    

                                                                                                  

 block6b_drop (FixedDropout  (None, 1, 1, 192)            0         ['block6b_project_bn[0][0]']  

 )                                                                                                

                                                                                                  

 block6b_add (Add)           (None, 1, 1, 192)            0         ['block6b_drop[0][0]',        

                                                                     'block6a_project_bn[0][0]']  

                                                                                                  

 block6c_expand_conv (Conv2  (None, 1, 1, 1152)           221184    ['block6b_add[0][0]']         

 D)                                                                                               

                                                                                                  

 block6c_expand_bn (BatchNo  (None, 1, 1, 1152)           4608      ['block6c_expand_conv[0][0]'] 

 rmalization)                                                                                     

                                                                                                  

 block6c_expand_activation   (None, 1, 1, 1152)           0         ['block6c_expand_bn[0][0]']   

 (Activation)                                                                                     

                                                                                                  

 block6c_dwconv (DepthwiseC  (None, 1, 1, 1152)           28800     ['block6c_expand_activation[0]

 onv2D)                                                             [0]']                         

                                                                                                  

 block6c_bn (BatchNormaliza  (None, 1, 1, 1152)           4608      ['block6c_dwconv[0][0]']      

 tion)                                                                                            

                                                                                                  

 block6c_activation (Activa  (None, 1, 1, 1152)           0         ['block6c_bn[0][0]']          

 tion)                                                                                            

                                                                                                  

 block6c_se_squeeze (Global  (None, 1152)                 0         ['block6c_activation[0][0]']  

 AveragePooling2D)                                                                                

                                                                                                  

 block6c_se_reshape (Reshap  (None, 1, 1, 1152)           0         ['block6c_se_squeeze[0][0]']  

 e)                                                                                               

                                                                                                  

 block6c_se_reduce (Conv2D)  (None, 1, 1, 48)             55344     ['block6c_se_reshape[0][0]']  

                                                                                                  

 block6c_se_expand (Conv2D)  (None, 1, 1, 1152)           56448     ['block6c_se_reduce[0][0]']   

                                                                                                  

 block6c_se_excite (Multipl  (None, 1, 1, 1152)           0         ['block6c_activation[0][0]',  

 y)                                                                  'block6c_se_expand[0][0]']   

                                                                                                  

 block6c_project_conv (Conv  (None, 1, 1, 192)            221184    ['block6c_se_excite[0][0]']   

 2D)                                                                                              

                                                                                                  

 block6c_project_bn (BatchN  (None, 1, 1, 192)            768       ['block6c_project_conv[0][0]']

 ormalization)                                                                                    

                                                                                                  

 block6c_drop (FixedDropout  (None, 1, 1, 192)            0         ['block6c_project_bn[0][0]']  

 )                                                                                                

                                                                                                  

 block6c_add (Add)           (None, 1, 1, 192)            0         ['block6c_drop[0][0]',        

                                                                     'block6b_add[0][0]']         

                                                                                                  

 block6d_expand_conv (Conv2  (None, 1, 1, 1152)           221184    ['block6c_add[0][0]']         

 D)                                                                                               

                                                                                                  

 block6d_expand_bn (BatchNo  (None, 1, 1, 1152)           4608      ['block6d_expand_conv[0][0]'] 

 rmalization)                                                                                     

                                                                                                  

 block6d_expand_activation   (None, 1, 1, 1152)           0         ['block6d_expand_bn[0][0]']   

 (Activation)                                                                                     

                                                                                                  

 block6d_dwconv (DepthwiseC  (None, 1, 1, 1152)           28800     ['block6d_expand_activation[0]

 onv2D)                                                             [0]']                         

                                                                                                  

 block6d_bn (BatchNormaliza  (None, 1, 1, 1152)           4608      ['block6d_dwconv[0][0]']      

 tion)                                                                                            

                                                                                                  

 block6d_activation (Activa  (None, 1, 1, 1152)           0         ['block6d_bn[0][0]']          

 tion)                                                                                            

                                                                                                  

 block6d_se_squeeze (Global  (None, 1152)                 0         ['block6d_activation[0][0]']  

 AveragePooling2D)                                                                                

                                                                                                  

 block6d_se_reshape (Reshap  (None, 1, 1, 1152)           0         ['block6d_se_squeeze[0][0]']  

 e)                                                                                               

                                                                                                  

 block6d_se_reduce (Conv2D)  (None, 1, 1, 48)             55344     ['block6d_se_reshape[0][0]']  

                                                                                                  

 block6d_se_expand (Conv2D)  (None, 1, 1, 1152)           56448     ['block6d_se_reduce[0][0]']   

                                                                                                  

 block6d_se_excite (Multipl  (None, 1, 1, 1152)           0         ['block6d_activation[0][0]',  

 y)                                                                  'block6d_se_expand[0][0]']   

                                                                                                  

 block6d_project_conv (Conv  (None, 1, 1, 192)            221184    ['block6d_se_excite[0][0]']   

 2D)                                                                                              

                                                                                                  

 block6d_project_bn (BatchN  (None, 1, 1, 192)            768       ['block6d_project_conv[0][0]']

 ormalization)                                                                                    

                                                                                                  

 block6d_drop (FixedDropout  (None, 1, 1, 192)            0         ['block6d_project_bn[0][0]']  

 )                                                                                                

                                                                                                  

 block6d_add (Add)           (None, 1, 1, 192)            0         ['block6d_drop[0][0]',        

                                                                     'block6c_add[0][0]']         

                                                                                                  

 block7a_expand_conv (Conv2  (None, 1, 1, 1152)           221184    ['block6d_add[0][0]']         

 D)                                                                                               

                                                                                                  

 block7a_expand_bn (BatchNo  (None, 1, 1, 1152)           4608      ['block7a_expand_conv[0][0]'] 

 rmalization)                                                                                     

                                                                                                  

 block7a_expand_activation   (None, 1, 1, 1152)           0         ['block7a_expand_bn[0][0]']   

 (Activation)                                                                                     

                                                                                                  

 block7a_dwconv (DepthwiseC  (None, 1, 1, 1152)           10368     ['block7a_expand_activation[0]

 onv2D)                                                             [0]']                         

                                                                                                  

 block7a_bn (BatchNormaliza  (None, 1, 1, 1152)           4608      ['block7a_dwconv[0][0]']      

 tion)                                                                                            

                                                                                                  

 block7a_activation (Activa  (None, 1, 1, 1152)           0         ['block7a_bn[0][0]']          

 tion)                                                                                            

                                                                                                  

 block7a_se_squeeze (Global  (None, 1152)                 0         ['block7a_activation[0][0]']  

 AveragePooling2D)                                                                                

                                                                                                  

 block7a_se_reshape (Reshap  (None, 1, 1, 1152)           0         ['block7a_se_squeeze[0][0]']  

 e)                                                                                               

                                                                                                  

 block7a_se_reduce (Conv2D)  (None, 1, 1, 48)             55344     ['block7a_se_reshape[0][0]']  

                                                                                                  

 block7a_se_expand (Conv2D)  (None, 1, 1, 1152)           56448     ['block7a_se_reduce[0][0]']   

                                                                                                  

 block7a_se_excite (Multipl  (None, 1, 1, 1152)           0         ['block7a_activation[0][0]',  

 y)                                                                  'block7a_se_expand[0][0]']   

                                                                                                  

 block7a_project_conv (Conv  (None, 1, 1, 320)            368640    ['block7a_se_excite[0][0]']   

 2D)                                                                                              

                                                                                                  

 block7a_project_bn (BatchN  (None, 1, 1, 320)            1280      ['block7a_project_conv[0][0]']

 ormalization)                                                                                    

                                                                                                  

 top_conv (Conv2D)           (None, 1, 1, 1280)           409600    ['block7a_project_bn[0][0]']  

                                                                                                  

 top_bn (BatchNormalization  (None, 1, 1, 1280)           5120      ['top_conv[0][0]']            

 )                                                                                                

                                                                                                  

 top_activation (Activation  (None, 1, 1, 1280)           0         ['top_bn[0][0]']              

 )                                                                                                

                                                                                                  

 pool5 (GlobalAveragePoolin  (None, 1280)                 0         ['top_activation[0][0]']      

 g2D)                                                                                             

                                                                                                  

 classifier (Dense)          (None, 2)                    2562      ['pool5[0][0]']               

                                                                                                  

==================================================================================================

Total params: 4052702 (15.46 MB)

Trainable params: 4010686 (15.30 MB)

Non-trainable params: 42016 (164.12 KB)

__________________________________________________________________________________________________

Extracting output from layer: block6a_activation

Already done: D:\项目\cpc github v1 demo\demo\workspace\outputs\chain\dp_project/outputs/cell_painting_cnn_demo/features//BR00000001/A01/1.npz

Already done: D:\项目\cpc github v1 demo\demo\workspace\outputs\chain\dp_project/outputs/cell_painting_cnn_demo/features//BR00000001/A02/1.npz

Profiling: done

