Picked up JAVA_TOOL_OPTIONS: -Xbootclasspath/a:C:\cp-cf\javabridge\jars\rhino-1.7R4.jar

Times reported are CPU and Wall-clock times for each module

Mon Oct  5 21:13:17 2026: Image # 1, module LoadData # 1: CPU_time = 0.64 secs, Wall_time = 0.88 secs

Mon Oct  5 21:13:18 2026: Image # 1, module CorrectIlluminationApply # 2: CPU_time = 0.00 secs, Wall_time = 0.00 secs

Mon Oct  5 21:13:18 2026: Image # 1, module ImageMath # 3: CPU_time = 0.00 secs, Wall_time = 0.00 secs

Mon Oct  5 21:13:18 2026: Image # 1, module ImageMath # 4: CPU_time = 0.00 secs, Wall_time = 0.00 secs

Mon Oct  5 21:13:18 2026: Image # 1, module ImageMath # 5: CPU_time = 0.00 secs, Wall_time = 0.00 secs

Mon Oct  5 21:13:18 2026: Image # 1, module ImageMath # 6: CPU_time = 0.00 secs, Wall_time = 0.00 secs

Mon Oct  5 21:13:18 2026: Image # 1, module ImageMath # 7: CPU_time = 0.00 secs, Wall_time = 0.00 secs

Mon Oct  5 21:13:18 2026: Image # 1, module ImageMath # 8: CPU_time = 0.00 secs, Wall_time = 0.00 secs

Mon Oct  5 21:13:18 2026: Image # 1, module ImageMath # 9: CPU_time = 0.00 secs, Wall_time = 0.00 secs

Mon Oct  5 21:13:18 2026: Image # 1, module ImageMath # 10: CPU_time = 0.00 secs, Wall_time = 0.00 secs

Mon Oct  5 21:13:18 2026: Image # 1, module CorrectIlluminationCalculate # 14: CPU_time = 0.00 secs, Wall_time = 0.00 secs

Mon Oct  5 21:13:18 2026: Image # 1, module CorrectIlluminationApply # 15: CPU_time = 0.00 secs, Wall_time = 0.00 secs

Mon Oct  5 21:13:18 2026: Image # 1, module IdentifyPrimaryObjects # 16: CPU_time = 0.17 secs, Wall_time = 0.19 secs

Mon Oct  5 21:13:18 2026: Image # 1, module IdentifySecondaryObjects # 17: CPU_time = 0.08 secs, Wall_time = 0.08 secs

Mon Oct  5 21:13:18 2026: Image # 1, module IdentifyTertiaryObjects # 18: CPU_time = 0.03 secs, Wall_time = 0.05 secs

Mon Oct  5 21:13:18 2026: Image # 1, module MeasureColocalization # 19: CPU_time = 3.70 secs, Wall_time = 3.94 secs

Mon Oct  5 21:13:22 2026: Image # 1, module MeasureGranularity # 20: CPU_time = 2.62 secs, Wall_time = 2.87 secs

Mon Oct  5 21:13:25 2026: Image # 1, module MeasureObjectIntensity # 21: CPU_time = 2.53 secs, Wall_time = 2.64 secs

Mon Oct  5 21:13:27 2026: Image # 1, module MeasureObjectNeighbors # 22: CPU_time = 0.05 secs, Wall_time = 0.05 secs

Mon Oct  5 21:13:28 2026: Image # 1, module MeasureObjectNeighbors # 23: CPU_time = 0.05 secs, Wall_time = 0.04 secs

Mon Oct  5 21:13:28 2026: Image # 1, module MeasureObjectNeighbors # 24: CPU_time = 0.05 secs, Wall_time = 0.04 secs

Mon Oct  5 21:13:28 2026: Image # 1, module MeasureObjectIntensityDistribution # 25: CPU_time = 1.53 secs, Wall_time = 1.79 secs

Mon Oct  5 21:13:29 2026: Image # 1, module MeasureObjectSizeShape # 26: CPU_time = 0.91 secs, Wall_time = 1.03 secs

Mon Oct  5 21:13:30 2026: Image # 1, module MeasureTexture # 27: CPU_time = 21.53 secs, Wall_time = 24.33 secs

Mon Oct  5 21:13:55 2026: Image # 1, module OverlayOutlines # 28: CPU_time = 0.00 secs, Wall_time = 0.00 secs

Mon Oct  5 21:13:55 2026: Image # 1, module OverlayOutlines # 29: CPU_time = 0.02 secs, Wall_time = 0.00 secs

Mon Oct  5 21:13:55 2026: Image # 1, module SaveImages # 30: CPU_time = 0.14 secs, Wall_time = 0.16 secs

Mon Oct  5 21:13:55 2026: Image # 1, module SaveImages # 31: CPU_time = 0.03 secs, Wall_time = 0.03 secs

Mon Oct  5 21:13:55 2026: Image # 1, module ConvertObjectsToImage # 32: CPU_time = 0.00 secs, Wall_time = 0.00 secs

Mon Oct  5 21:13:55 2026: Image # 1, module ConvertObjectsToImage # 33: CPU_time = 0.00 secs, Wall_time = 0.00 secs

skimage\util\dtype.py:482: UserWarning: Downcasting int32 to uint16 without scaling because max value 2 fits in uint16

cellprofiler\modules\saveimages.py:791: UserWarning: D:\项目\cpc github v1 demo\demo\workspace\outputs\advanced_skills\run_segmentation_masks\cellprofiler_masks\labels\BR00000001_A01_s1--nuclei_labels.tiff is a low contrast image

Mon Oct  5 21:13:55 2026: Image # 1, module SaveImages # 34: CPU_time = 0.03 secs, Wall_time = 0.04 secs

cellprofiler\modules\saveimages.py:791: UserWarning: D:\项目\cpc github v1 demo\demo\workspace\outputs\advanced_skills\run_segmentation_masks\cellprofiler_masks\labels\BR00000001_A01_s1--cell_labels.tiff is a low contrast image

Mon Oct  5 21:13:55 2026: Image # 1, module SaveImages # 35: CPU_time = 0.03 secs, Wall_time = 0.03 secs

Mon Oct  5 21:13:55 2026: Image # 1, module ExportToSpreadsheet # 36: CPU_time = 0.00 secs, Wall_time = 0.00 secs

Mon Oct  5 21:13:55 2026: Image # 2, module LoadData # 1: CPU_time = 1.22 secs, Wall_time = 1.25 secs

Mon Oct  5 21:13:56 2026: Image # 2, module CorrectIlluminationApply # 2: CPU_time = 0.00 secs, Wall_time = 0.00 secs

Mon Oct  5 21:13:56 2026: Image # 2, module ImageMath # 3: CPU_time = 0.00 secs, Wall_time = 0.00 secs

Mon Oct  5 21:13:56 2026: Image # 2, module ImageMath # 4: CPU_time = 0.00 secs, Wall_time = 0.00 secs

Mon Oct  5 21:13:56 2026: Image # 2, module ImageMath # 5: CPU_time = 0.00 secs, Wall_time = 0.00 secs

Mon Oct  5 21:13:56 2026: Image # 2, module ImageMath # 6: CPU_time = 0.00 secs, Wall_time = 0.00 secs

Mon Oct  5 21:13:56 2026: Image # 2, module ImageMath # 7: CPU_time = 0.00 secs, Wall_time = 0.00 secs

Mon Oct  5 21:13:56 2026: Image # 2, module ImageMath # 8: CPU_time = 0.00 secs, Wall_time = 0.00 secs

Mon Oct  5 21:13:56 2026: Image # 2, module ImageMath # 9: CPU_time = 0.00 secs, Wall_time = 0.00 secs

Mon Oct  5 21:13:56 2026: Image # 2, module ImageMath # 10: CPU_time = 0.00 secs, Wall_time = 0.00 secs

Mon Oct  5 21:13:56 2026: Image # 2, module CorrectIlluminationCalculate # 14: CPU_time = 0.00 secs, Wall_time = 0.01 secs

Mon Oct  5 21:13:56 2026: Image # 2, module CorrectIlluminationApply # 15: CPU_time = 0.00 secs, Wall_time = 0.00 secs

Mon Oct  5 21:13:56 2026: Image # 2, module IdentifyPrimaryObjects # 16: CPU_time = 0.05 secs, Wall_time = 0.06 secs

Mon Oct  5 21:13:57 2026: Image # 2, module IdentifySecondaryObjects # 17: CPU_time = 0.08 secs, Wall_time = 0.08 secs

Mon Oct  5 21:13:57 2026: Image # 2, module IdentifyTertiaryObjects # 18: CPU_time = 0.06 secs, Wall_time = 0.06 secs

Mon Oct  5 21:13:57 2026: Image # 2, module MeasureColocalization # 19: CPU_time = 1.75 secs, Wall_time = 1.85 secs

Mon Oct  5 21:13:59 2026: Image # 2, module MeasureGranularity # 20: CPU_time = 0.48 secs, Wall_time = 0.54 secs

Mon Oct  5 21:13:59 2026: Image # 2, module MeasureObjectIntensity # 21: CPU_time = 0.44 secs, Wall_time = 0.43 secs

Mon Oct  5 21:13:59 2026: Image # 2, module MeasureObjectNeighbors # 22: CPU_time = 0.02 secs, Wall_time = 0.01 secs

Mon Oct  5 21:13:59 2026: Image # 2, module MeasureObjectNeighbors # 23: CPU_time = 0.00 secs, Wall_time = 0.01 secs

Mon Oct  5 21:14:00 2026: Image # 2, module MeasureObjectNeighbors # 24: CPU_time = 0.02 secs, Wall_time = 0.01 secs

Mon Oct  5 21:14:00 2026: Image # 2, module MeasureObjectIntensityDistribution # 25: CPU_time = 0.30 secs, Wall_time = 0.30 secs

Mon Oct  5 21:14:00 2026: Image # 2, module MeasureObjectSizeShape # 26: CPU_time = 0.17 secs, Wall_time = 0.16 secs

Mon Oct  5 21:14:00 2026: Image # 2, module MeasureTexture # 27: CPU_time = 4.03 secs, Wall_time = 4.05 secs

Mon Oct  5 21:14:04 2026: Image # 2, module OverlayOutlines # 28: CPU_time = 0.00 secs, Wall_time = 0.00 secs

Mon Oct  5 21:14:04 2026: Image # 2, module OverlayOutlines # 29: CPU_time = 0.00 secs, Wall_time = 0.00 secs

Mon Oct  5 21:14:04 2026: Image # 2, module SaveImages # 30: CPU_time = 0.02 secs, Wall_time = 0.02 secs

Mon Oct  5 21:14:04 2026: Image # 2, module SaveImages # 31: CPU_time = 0.00 secs, Wall_time = 0.01 secs

Mon Oct  5 21:14:04 2026: Image # 2, module ConvertObjectsToImage # 32: CPU_time = 0.00 secs, Wall_time = 0.00 secs

Mon Oct  5 21:14:04 2026: Image # 2, module ConvertObjectsToImage # 33: CPU_time = 0.00 secs, Wall_time = 0.00 secs

cellprofiler\modules\saveimages.py:791: UserWarning: D:\项目\cpc github v1 demo\demo\workspace\outputs\advanced_skills\run_segmentation_masks\cellprofiler_masks\labels\BR00000001_A02_s1--nuclei_labels.tiff is a low contrast image

Mon Oct  5 21:14:04 2026: Image # 2, module SaveImages # 34: CPU_time = 0.02 secs, Wall_time = 0.01 secs

cellprofiler\modules\saveimages.py:791: UserWarning: D:\项目\cpc github v1 demo\demo\workspace\outputs\advanced_skills\run_segmentation_masks\cellprofiler_masks\labels\BR00000001_A02_s1--cell_labels.tiff is a low contrast image

Mon Oct  5 21:14:04 2026: Image # 2, module SaveImages # 35: CPU_time = 0.00 secs, Wall_time = 0.01 secs

Mon Oct  5 21:14:04 2026: Image # 2, module ExportToSpreadsheet # 36: CPU_time = 0.00 secs, Wall_time = 0.00 secs

Starting CellProfiler 4.2.7

[segmentation_demo] running: D:\项目\CellPainting-Claw\.venv\Scripts\cellprofiler.cmd -c -r -p D:\项目\cpc github v1 demo\demo\workspace\outputs\advanced_skills\run_segmentation_masks\CPJUMP1_analysis_mask_export.cppipe -o D:\项目\cpc github v1 demo\demo\workspace\outputs\advanced_skills\run_segmentation_masks\cellprofiler_masks -i D:\项目\cpc github v1 demo --data-file D:\项目\cpc github v1 demo\demo\workspace\outputs\advanced_skills\run_segmentation_masks\cellprofiler_masks\load_data_for_segmentation.absolute.csv

